// Jest Snapshot v1, https://goo.gl/fbAQLP

exports[`matches the snapshot 1`] = `
<small
  data-testid="disclaimer"
  style="color: coral;"
>
  This is Zilliqa 
  <b>
    Dev Wallet
  </b>
  . Do not send any interim ERC-20 ZIL tokens or Mainnet tokens to this wallet. You are solely responsible for your account funds.
</small>
`;
