// Jest Snapshot v1, https://goo.gl/fbAQLP

exports[`Disclaimer tests basic tests matches the snapshot 1`] = `
<small
  className="text-danger"
  data-test-id="Disclaimer"
>
  This is Zilliqa Test Net wallet. Do not send any interim ERC-20 ZIL tokens to this wallet. You are solely responsible for your account funds.
</small>
`;
